Hola desde DSL!